Apr 13 08:00:01 webserver-prod-05 CRON[11001]: pam_unix(cron:session): session opened for user root by (uid=0)
Apr 13 08:00:02 webserver-prod-05 CRON[11001]: pam_unix(cron:session): session closed for user root
Apr 13 08:15:42 webserver-prod-05 sshd[11100]: Accepted publickey for deploy from 10.0.1.50 port 45678 ssh2: RSA SHA256:aB1cDeFgHiJkLmNoPqRsTuVwXyZ
Apr 13 08:15:42 webserver-prod-05 sshd[11100]: pam_unix(sshd:session): session opened for user deploy(uid=1001) by (uid=0)
Apr 13 08:15:45 webserver-prod-05 sudo:  deploy : TTY=pts/0 ; PWD=/home/deploy ; USER=root ; COMMAND=/usr/bin/systemctl restart nginx
Apr 13 08:15:47 webserver-prod-05 sudo: pam_unix(sudo:session): session opened for user root by deploy(uid=1001)
Apr 13 08:15:48 webserver-prod-05 sudo: pam_unix(sudo:session): session closed for user root
Apr 13 08:16:02 webserver-prod-05 sshd[11100]: pam_unix(sshd:session): session closed for user deploy
Apr 13 09:02:11 webserver-prod-05 sshd[11250]: Accepted publickey for alice from 10.0.2.15 port 51234 ssh2: ED25519 SHA256:xYzAbCdEfGhIjKlMnOpQrSt
Apr 13 09:02:11 webserver-prod-05 sshd[11250]: pam_unix(sshd:session): session opened for user alice(uid=1002) by (uid=0)
Apr 13 09:02:30 webserver-prod-05 sudo:   alice : TTY=pts/0 ; PWD=/home/alice ; USER=root ; COMMAND=/usr/bin/tail -n 200 /var/log/nginx/error.log
Apr 13 09:02:30 webserver-prod-05 sudo: pam_unix(sudo:session): session opened for user root by alice(uid=1002)
Apr 13 09:02:32 webserver-prod-05 sudo: pam_unix(sudo:session): session closed for user root
Apr 13 09:05:18 webserver-prod-05 sshd[11250]: pam_unix(sshd:session): session closed for user alice
Apr 13 11:30:02 webserver-prod-05 sshd[11400]: Accepted publickey for bob from 10.0.2.22 port 55677 ssh2: ED25519 SHA256:pQrStUvWxYzAbCdEfGhIjKl
Apr 13 11:30:03 webserver-prod-05 sshd[11400]: pam_unix(sshd:session): session opened for user bob(uid=1003) by (uid=0)
Apr 13 11:30:45 webserver-prod-05 sudo:     bob : TTY=pts/0 ; PWD=/home/bob ; USER=root ; COMMAND=/usr/bin/apt update
Apr 13 11:31:02 webserver-prod-05 sudo:     bob : TTY=pts/0 ; PWD=/home/bob ; USER=root ; COMMAND=/usr/bin/apt upgrade -y
Apr 13 11:34:21 webserver-prod-05 sshd[11400]: pam_unix(sshd:session): session closed for user bob
Apr 13 12:00:01 webserver-prod-05 CRON[11501]: pam_unix(cron:session): session opened for user root by (uid=0)
Apr 13 12:00:02 webserver-prod-05 CRON[11501]: pam_unix(cron:session): session closed for user root
Apr 13 13:15:33 webserver-prod-05 sshd[11650]: Accepted publickey for deploy from 10.0.1.50 port 46012 ssh2: RSA SHA256:aB1cDeFgHiJkLmNoPqRsTuVwXyZ
Apr 13 13:15:33 webserver-prod-05 sshd[11650]: pam_unix(sshd:session): session opened for user deploy(uid=1001) by (uid=0)
Apr 13 13:15:35 webserver-prod-05 sudo:  deploy : TTY=pts/0 ; PWD=/home/deploy ; USER=root ; COMMAND=/usr/bin/systemctl restart nginx
Apr 13 13:15:40 webserver-prod-05 sshd[11650]: pam_unix(sshd:session): session closed for user deploy
Apr 13 16:42:08 webserver-prod-05 sshd[11880]: Accepted publickey for alice from 10.0.2.15 port 51890 ssh2: ED25519 SHA256:xYzAbCdEfGhIjKlMnOpQrSt
Apr 13 16:42:08 webserver-prod-05 sshd[11880]: pam_unix(sshd:session): session opened for user alice(uid=1002) by (uid=0)
Apr 13 16:42:35 webserver-prod-05 sudo:   alice : TTY=pts/0 ; PWD=/home/alice ; USER=root ; COMMAND=/usr/bin/journalctl -u nginx --since '1 hour ago'
Apr 13 16:44:15 webserver-prod-05 sshd[11880]: pam_unix(sshd:session): session closed for user alice
Apr 14 08:00:01 webserver-prod-05 CRON[12501]: pam_unix(cron:session): session opened for user root by (uid=0)
Apr 14 08:00:02 webserver-prod-05 CRON[12501]: pam_unix(cron:session): session closed for user root
Apr 14 08:25:10 webserver-prod-05 sshd[12650]: Accepted publickey for deploy from 10.0.1.50 port 46500 ssh2: RSA SHA256:aB1cDeFgHiJkLmNoPqRsTuVwXyZ
Apr 14 08:25:10 webserver-prod-05 sshd[12650]: pam_unix(sshd:session): session opened for user deploy(uid=1001) by (uid=0)
Apr 14 08:25:12 webserver-prod-05 sudo:  deploy : TTY=pts/0 ; PWD=/home/deploy ; USER=root ; COMMAND=/usr/bin/systemctl restart nginx
Apr 14 08:25:20 webserver-prod-05 sshd[12650]: pam_unix(sshd:session): session closed for user deploy
Apr 14 10:03:22 webserver-prod-05 sshd[12750]: Accepted publickey for bob from 10.0.2.22 port 55700 ssh2: ED25519 SHA256:pQrStUvWxYzAbCdEfGhIjKl
Apr 14 10:03:22 webserver-prod-05 sshd[12750]: pam_unix(sshd:session): session opened for user bob(uid=1003) by (uid=0)
Apr 14 10:04:05 webserver-prod-05 sshd[12750]: pam_unix(sshd:session): session closed for user bob
